D:\01-Project\01-Screen Automate\AutoWizard.UI\ViewModels\MainWindowViewModel.cs(336,9): error CS0106: 修飾元 'private' 對此項目無效 [D:\01-Project\01-Screen Automate\AutoWizard.UI\AutoWizard.UI_iki3ozvu_wpftmp.csproj]
D:\01-Project\01-Screen Automate\AutoWizard.UI\ViewModels\MainWindowViewModel.cs(382,9): error CS0106: 修飾元 'private' 對此項目無效 [D:\01-Project\01-Screen Automate\AutoWizard.UI\AutoWizard.UI_iki3ozvu_wpftmp.csproj]
D:\01-Project\01-Screen Automate\AutoWizard.UI\ViewModels\MainWindowViewModel.cs(394,9): error CS0106: 修飾元 'private' 對此項目無效 [D:\01-Project\01-Screen Automate\AutoWizard.UI\AutoWizard.UI_iki3ozvu_wpftmp.csproj]
D:\01-Project\01-Screen Automate\AutoWizard.UI\ViewModels\MainWindowViewModel.cs(414,9): error CS0106: 修飾元 'private' 對此項目無效 [D:\01-Project\01-Screen Automate\AutoWizard.UI\AutoWizard.UI_iki3ozvu_wpftmp.csproj]
D:\01-Project\01-Screen Automate\AutoWizard.UI\ViewModels\MainWindowViewModel.cs(441,9): error CS0106: 修飾元 'private' 對此項目無效 [D:\01-Project\01-Screen Automate\AutoWizard.UI\AutoWizard.UI_iki3ozvu_wpftmp.csproj]
D:\01-Project\01-Screen Automate\AutoWizard.UI\ViewModels\MainWindowViewModel.cs(459,9): error CS0106: 修飾元 'private' 對此項目無效 [D:\01-Project\01-Screen Automate\AutoWizard.UI\AutoWizard.UI_iki3ozvu_wpftmp.csproj]
D:\01-Project\01-Screen Automate\AutoWizard.UI\ViewModels\MainWindowViewModel.cs(542,9): error CS0106: 修飾元 'private' 對此項目無效 [D:\01-Project\01-Screen Automate\AutoWizard.UI\AutoWizard.UI_iki3ozvu_wpftmp.csproj]
D:\01-Project\01-Screen Automate\AutoWizard.UI\ViewModels\MainWindowViewModel.cs(552,9): error CS0106: 修飾元 'private' 對此項目無效 [D:\01-Project\01-Screen Automate\AutoWizard.UI\AutoWizard.UI_iki3ozvu_wpftmp.csproj]
D:\01-Project\01-Screen Automate\AutoWizard.UI\ViewModels\MainWindowViewModel.cs(553,9): error CS0106: 修飾元 'private' 對此項目無效 [D:\01-Project\01-Screen Automate\AutoWizard.UI\AutoWizard.UI_iki3ozvu_wpftmp.csproj]
D:\01-Project\01-Screen Automate\AutoWizard.UI\ViewModels\MainWindowViewModel.cs(555,9): error CS0106: 修飾元 'private' 對此項目無效 [D:\01-Project\01-Screen Automate\AutoWizard.UI\AutoWizard.UI_iki3ozvu_wpftmp.csproj]
D:\01-Project\01-Screen Automate\AutoWizard.UI\ViewModels\MainWindowViewModel.cs(651,9): error CS0106: 修飾元 'private' 對此項目無效 [D:\01-Project\01-Screen Automate\AutoWizard.UI\AutoWizard.UI_iki3ozvu_wpftmp.csproj]
D:\01-Project\01-Screen Automate\AutoWizard.UI\ViewModels\MainWindowViewModel.cs(673,9): error CS0106: 修飾元 'private' 對此項目無效 [D:\01-Project\01-Screen Automate\AutoWizard.UI\AutoWizard.UI_iki3ozvu_wpftmp.csproj]
D:\01-Project\01-Screen Automate\AutoWizard.UI\ViewModels\MainWindowViewModel.cs(682,9): error CS0106: 修飾元 'private' 對此項目無效 [D:\01-Project\01-Screen Automate\AutoWizard.UI\AutoWizard.UI_iki3ozvu_wpftmp.csproj]
D:\01-Project\01-Screen Automate\AutoWizard.UI\ViewModels\MainWindowViewModel.cs(694,9): error CS0106: 修飾元 'private' 對此項目無效 [D:\01-Project\01-Screen Automate\AutoWizard.UI\AutoWizard.UI_iki3ozvu_wpftmp.csproj]
D:\01-Project\01-Screen Automate\AutoWizard.UI\ViewModels\MainWindowViewModel.cs(711,9): error CS0106: 修飾元 'private' 對此項目無效 [D:\01-Project\01-Screen Automate\AutoWizard.UI\AutoWizard.UI_iki3ozvu_wpftmp.csproj]
D:\01-Project\01-Screen Automate\AutoWizard.UI\ViewModels\MainWindowViewModel.cs(737,9): error CS0106: 修飾元 'private' 對此項目無效 [D:\01-Project\01-Screen Automate\AutoWizard.UI\AutoWizard.UI_iki3ozvu_wpftmp.csproj]
D:\01-Project\01-Screen Automate\AutoWizard.UI\ViewModels\MainWindowViewModel.cs(763,9): error CS0106: 修飾元 'private' 對此項目無效 [D:\01-Project\01-Screen Automate\AutoWizard.UI\AutoWizard.UI_iki3ozvu_wpftmp.csproj]
D:\01-Project\01-Screen Automate\AutoWizard.UI\ViewModels\MainWindowViewModel.cs(811,9): error CS0106: 修飾元 'private' 對此項目無效 [D:\01-Project\01-Screen Automate\AutoWizard.UI\AutoWizard.UI_iki3ozvu_wpftmp.csproj]
D:\01-Project\01-Screen Automate\AutoWizard.UI\ViewModels\MainWindowViewModel.cs(822,9): error CS0106: 修飾元 'private' 對此項目無效 [D:\01-Project\01-Screen Automate\AutoWizard.UI\AutoWizard.UI_iki3ozvu_wpftmp.csproj]
D:\01-Project\01-Screen Automate\AutoWizard.UI\ViewModels\MainWindowViewModel.cs(833,9): error CS0106: 修飾元 'private' 對此項目無效 [D:\01-Project\01-Screen Automate\AutoWizard.UI\AutoWizard.UI_iki3ozvu_wpftmp.csproj]
D:\01-Project\01-Screen Automate\AutoWizard.UI\ViewModels\MainWindowViewModel.cs(852,9): error CS0106: 修飾元 'private' 對此項目無效 [D:\01-Project\01-Screen Automate\AutoWizard.UI\AutoWizard.UI_iki3ozvu_wpftmp.csproj]
D:\01-Project\01-Screen Automate\AutoWizard.UI\ViewModels\MainWindowViewModel.cs(858,10): error CS1513: 必須是 } [D:\01-Project\01-Screen Automate\AutoWizard.UI\AutoWizard.UI_iki3ozvu_wpftmp.csproj]

建置失敗。
    0 個警告
    22 個錯誤

經過時間 00:00:01.54
