  正在判斷要還原的專案...
  所有專案都在最新狀態，可進行還原。
  AutoWizard.CV -> D:\01-Project\01-Screen Automate\AutoWizard.CV\bin\Debug\net8.0\AutoWizard.CV.dll
  AutoWizard.Core -> D:\01-Project\01-Screen Automate\AutoWizard.Core\bin\Debug\net8.0-windows\AutoWizard.Core.dll
  AutoWizard.Tests -> D:\01-Project\01-Screen Automate\AutoWizard.Tests\bin\Debug\net8.0-windows\AutoWizard.Tests.dll
C:\Program Files\dotnet\sdk\8.0.418\Microsoft.Common.CurrentVersion.targets(5034,5): warning MSB3026: 無法將 "D:\01-Project\01-Screen Automate\AutoWizard.Core\bin\Debug\net8.0-windows\AutoWizard.Core.dll" 複製到 "bin\Debug\net8.0-windows\AutoWizard.Core.dll"。即將在 1000 毫秒內重試 1 次。The process cannot access the file 'D:\01-Project\01-Screen Automate\AutoWizard.UI\bin\Debug\net8.0-windows\AutoWizard.Core.dll' because it is being used by another process. 檔案鎖定者: "AutoWizard.UI (27908)" [D:\01-Project\01-Screen Automate\AutoWizard.UI\AutoWizard.UI.csproj]
C:\Program Files\dotnet\sdk\8.0.418\Microsoft.Common.CurrentVersion.targets(5034,5): warning MSB3026: 無法將 "D:\01-Project\01-Screen Automate\AutoWizard.Core\bin\Debug\net8.0-windows\AutoWizard.Core.dll" 複製到 "bin\Debug\net8.0-windows\AutoWizard.Core.dll"。即將在 1000 毫秒內重試 2 次。The process cannot access the file 'D:\01-Project\01-Screen Automate\AutoWizard.UI\bin\Debug\net8.0-windows\AutoWizard.Core.dll' because it is being used by another process. 檔案鎖定者: "AutoWizard.UI (27908)" [D:\01-Project\01-Screen Automate\AutoWizard.UI\AutoWizard.UI.csproj]
C:\Program Files\dotnet\sdk\8.0.418\Microsoft.Common.CurrentVersion.targets(5034,5): warning MSB3026: 無法將 "D:\01-Project\01-Screen Automate\AutoWizard.Core\bin\Debug\net8.0-windows\AutoWizard.Core.dll" 複製到 "bin\Debug\net8.0-windows\AutoWizard.Core.dll"。即將在 1000 毫秒內重試 3 次。The process cannot access the file 'D:\01-Project\01-Screen Automate\AutoWizard.UI\bin\Debug\net8.0-windows\AutoWizard.Core.dll' because it is being used by another process. 檔案鎖定者: "AutoWizard.UI (27908)" [D:\01-Project\01-Screen Automate\AutoWizard.UI\AutoWizard.UI.csproj]
C:\Program Files\dotnet\sdk\8.0.418\Microsoft.Common.CurrentVersion.targets(5034,5): warning MSB3026: 無法將 "D:\01-Project\01-Screen Automate\AutoWizard.Core\bin\Debug\net8.0-windows\AutoWizard.Core.dll" 複製到 "bin\Debug\net8.0-windows\AutoWizard.Core.dll"。即將在 1000 毫秒內重試 4 次。The process cannot access the file 'D:\01-Project\01-Screen Automate\AutoWizard.UI\bin\Debug\net8.0-windows\AutoWizard.Core.dll' because it is being used by another process. 檔案鎖定者: "AutoWizard.UI (27908)" [D:\01-Project\01-Screen Automate\AutoWizard.UI\AutoWizard.UI.csproj]
C:\Program Files\dotnet\sdk\8.0.418\Microsoft.Common.CurrentVersion.targets(5034,5): warning MSB3026: 無法將 "D:\01-Project\01-Screen Automate\AutoWizard.Core\bin\Debug\net8.0-windows\AutoWizard.Core.dll" 複製到 "bin\Debug\net8.0-windows\AutoWizard.Core.dll"。即將在 1000 毫秒內重試 5 次。The process cannot access the file 'D:\01-Project\01-Screen Automate\AutoWizard.UI\bin\Debug\net8.0-windows\AutoWizard.Core.dll' because it is being used by another process. 檔案鎖定者: "AutoWizard.UI (27908)" [D:\01-Project\01-Screen Automate\AutoWizard.UI\AutoWizard.UI.csproj]
C:\Program Files\dotnet\sdk\8.0.418\Microsoft.Common.CurrentVersion.targets(5034,5): warning MSB3026: 無法將 "D:\01-Project\01-Screen Automate\AutoWizard.Core\bin\Debug\net8.0-windows\AutoWizard.Core.dll" 複製到 "bin\Debug\net8.0-windows\AutoWizard.Core.dll"。即將在 1000 毫秒內重試 6 次。The process cannot access the file 'D:\01-Project\01-Screen Automate\AutoWizard.UI\bin\Debug\net8.0-windows\AutoWizard.Core.dll' because it is being used by another process. 檔案鎖定者: "AutoWizard.UI (27908)" [D:\01-Project\01-Screen Automate\AutoWizard.UI\AutoWizard.UI.csproj]
C:\Program Files\dotnet\sdk\8.0.418\Microsoft.Common.CurrentVersion.targets(5034,5): warning MSB3026: 無法將 "D:\01-Project\01-Screen Automate\AutoWizard.Core\bin\Debug\net8.0-windows\AutoWizard.Core.dll" 複製到 "bin\Debug\net8.0-windows\AutoWizard.Core.dll"。即將在 1000 毫秒內重試 7 次。The process cannot access the file 'D:\01-Project\01-Screen Automate\AutoWizard.UI\bin\Debug\net8.0-windows\AutoWizard.Core.dll' because it is being used by another process. 檔案鎖定者: "AutoWizard.UI (27908)" [D:\01-Project\01-Screen Automate\AutoWizard.UI\AutoWizard.UI.csproj]
C:\Program Files\dotnet\sdk\8.0.418\Microsoft.Common.CurrentVersion.targets(5034,5): warning MSB3026: 無法將 "D:\01-Project\01-Screen Automate\AutoWizard.Core\bin\Debug\net8.0-windows\AutoWizard.Core.dll" 複製到 "bin\Debug\net8.0-windows\AutoWizard.Core.dll"。即將在 1000 毫秒內重試 8 次。The process cannot access the file 'D:\01-Project\01-Screen Automate\AutoWizard.UI\bin\Debug\net8.0-windows\AutoWizard.Core.dll' because it is being used by another process. 檔案鎖定者: "AutoWizard.UI (27908)" [D:\01-Project\01-Screen Automate\AutoWizard.UI\AutoWizard.UI.csproj]
C:\Program Files\dotnet\sdk\8.0.418\Microsoft.Common.CurrentVersion.targets(5034,5): warning MSB3026: 無法將 "D:\01-Project\01-Screen Automate\AutoWizard.Core\bin\Debug\net8.0-windows\AutoWizard.Core.dll" 複製到 "bin\Debug\net8.0-windows\AutoWizard.Core.dll"。即將在 1000 毫秒內重試 9 次。The process cannot access the file 'D:\01-Project\01-Screen Automate\AutoWizard.UI\bin\Debug\net8.0-windows\AutoWizard.Core.dll' because it is being used by another process. 檔案鎖定者: "AutoWizard.UI (27908)" [D:\01-Project\01-Screen Automate\AutoWizard.UI\AutoWizard.UI.csproj]
C:\Program Files\dotnet\sdk\8.0.418\Microsoft.Common.CurrentVersion.targets(5034,5): warning MSB3026: 無法將 "D:\01-Project\01-Screen Automate\AutoWizard.Core\bin\Debug\net8.0-windows\AutoWizard.Core.dll" 複製到 "bin\Debug\net8.0-windows\AutoWizard.Core.dll"。即將在 1000 毫秒內重試 10 次。The process cannot access the file 'D:\01-Project\01-Screen Automate\AutoWizard.UI\bin\Debug\net8.0-windows\AutoWizard.Core.dll' because it is being used by another process. 檔案鎖定者: "AutoWizard.UI (27908)" [D:\01-Project\01-Screen Automate\AutoWizard.UI\AutoWizard.UI.csproj]
C:\Program Files\dotnet\sdk\8.0.418\Microsoft.Common.CurrentVersion.targets(5034,5): error MSB3027: 無法將 "D:\01-Project\01-Screen Automate\AutoWizard.Core\bin\Debug\net8.0-windows\AutoWizard.Core.dll" 複製到 "bin\Debug\net8.0-windows\AutoWizard.Core.dll"。已超過重試次數 10。失敗。檔案鎖定者: "AutoWizard.UI (27908)" [D:\01-Project\01-Screen Automate\AutoWizard.UI\AutoWizard.UI.csproj]
C:\Program Files\dotnet\sdk\8.0.418\Microsoft.Common.CurrentVersion.targets(5034,5): error MSB3021: 無法將檔案 "D:\01-Project\01-Screen Automate\AutoWizard.Core\bin\Debug\net8.0-windows\AutoWizard.Core.dll" 複製到 "bin\Debug\net8.0-windows\AutoWizard.Core.dll"。The process cannot access the file 'D:\01-Project\01-Screen Automate\AutoWizard.UI\bin\Debug\net8.0-windows\AutoWizard.Core.dll' because it is being used by another process. [D:\01-Project\01-Screen Automate\AutoWizard.UI\AutoWizard.UI.csproj]

建置失敗。

C:\Program Files\dotnet\sdk\8.0.418\Microsoft.Common.CurrentVersion.targets(5034,5): warning MSB3026: 無法將 "D:\01-Project\01-Screen Automate\AutoWizard.Core\bin\Debug\net8.0-windows\AutoWizard.Core.dll" 複製到 "bin\Debug\net8.0-windows\AutoWizard.Core.dll"。即將在 1000 毫秒內重試 1 次。The process cannot access the file 'D:\01-Project\01-Screen Automate\AutoWizard.UI\bin\Debug\net8.0-windows\AutoWizard.Core.dll' because it is being used by another process. 檔案鎖定者: "AutoWizard.UI (27908)" [D:\01-Project\01-Screen Automate\AutoWizard.UI\AutoWizard.UI.csproj]
C:\Program Files\dotnet\sdk\8.0.418\Microsoft.Common.CurrentVersion.targets(5034,5): warning MSB3026: 無法將 "D:\01-Project\01-Screen Automate\AutoWizard.Core\bin\Debug\net8.0-windows\AutoWizard.Core.dll" 複製到 "bin\Debug\net8.0-windows\AutoWizard.Core.dll"。即將在 1000 毫秒內重試 2 次。The process cannot access the file 'D:\01-Project\01-Screen Automate\AutoWizard.UI\bin\Debug\net8.0-windows\AutoWizard.Core.dll' because it is being used by another process. 檔案鎖定者: "AutoWizard.UI (27908)" [D:\01-Project\01-Screen Automate\AutoWizard.UI\AutoWizard.UI.csproj]
C:\Program Files\dotnet\sdk\8.0.418\Microsoft.Common.CurrentVersion.targets(5034,5): warning MSB3026: 無法將 "D:\01-Project\01-Screen Automate\AutoWizard.Core\bin\Debug\net8.0-windows\AutoWizard.Core.dll" 複製到 "bin\Debug\net8.0-windows\AutoWizard.Core.dll"。即將在 1000 毫秒內重試 3 次。The process cannot access the file 'D:\01-Project\01-Screen Automate\AutoWizard.UI\bin\Debug\net8.0-windows\AutoWizard.Core.dll' because it is being used by another process. 檔案鎖定者: "AutoWizard.UI (27908)" [D:\01-Project\01-Screen Automate\AutoWizard.UI\AutoWizard.UI.csproj]
C:\Program Files\dotnet\sdk\8.0.418\Microsoft.Common.CurrentVersion.targets(5034,5): warning MSB3026: 無法將 "D:\01-Project\01-Screen Automate\AutoWizard.Core\bin\Debug\net8.0-windows\AutoWizard.Core.dll" 複製到 "bin\Debug\net8.0-windows\AutoWizard.Core.dll"。即將在 1000 毫秒內重試 4 次。The process cannot access the file 'D:\01-Project\01-Screen Automate\AutoWizard.UI\bin\Debug\net8.0-windows\AutoWizard.Core.dll' because it is being used by another process. 檔案鎖定者: "AutoWizard.UI (27908)" [D:\01-Project\01-Screen Automate\AutoWizard.UI\AutoWizard.UI.csproj]
C:\Program Files\dotnet\sdk\8.0.418\Microsoft.Common.CurrentVersion.targets(5034,5): warning MSB3026: 無法將 "D:\01-Project\01-Screen Automate\AutoWizard.Core\bin\Debug\net8.0-windows\AutoWizard.Core.dll" 複製到 "bin\Debug\net8.0-windows\AutoWizard.Core.dll"。即將在 1000 毫秒內重試 5 次。The process cannot access the file 'D:\01-Project\01-Screen Automate\AutoWizard.UI\bin\Debug\net8.0-windows\AutoWizard.Core.dll' because it is being used by another process. 檔案鎖定者: "AutoWizard.UI (27908)" [D:\01-Project\01-Screen Automate\AutoWizard.UI\AutoWizard.UI.csproj]
C:\Program Files\dotnet\sdk\8.0.418\Microsoft.Common.CurrentVersion.targets(5034,5): warning MSB3026: 無法將 "D:\01-Project\01-Screen Automate\AutoWizard.Core\bin\Debug\net8.0-windows\AutoWizard.Core.dll" 複製到 "bin\Debug\net8.0-windows\AutoWizard.Core.dll"。即將在 1000 毫秒內重試 6 次。The process cannot access the file 'D:\01-Project\01-Screen Automate\AutoWizard.UI\bin\Debug\net8.0-windows\AutoWizard.Core.dll' because it is being used by another process. 檔案鎖定者: "AutoWizard.UI (27908)" [D:\01-Project\01-Screen Automate\AutoWizard.UI\AutoWizard.UI.csproj]
C:\Program Files\dotnet\sdk\8.0.418\Microsoft.Common.CurrentVersion.targets(5034,5): warning MSB3026: 無法將 "D:\01-Project\01-Screen Automate\AutoWizard.Core\bin\Debug\net8.0-windows\AutoWizard.Core.dll" 複製到 "bin\Debug\net8.0-windows\AutoWizard.Core.dll"。即將在 1000 毫秒內重試 7 次。The process cannot access the file 'D:\01-Project\01-Screen Automate\AutoWizard.UI\bin\Debug\net8.0-windows\AutoWizard.Core.dll' because it is being used by another process. 檔案鎖定者: "AutoWizard.UI (27908)" [D:\01-Project\01-Screen Automate\AutoWizard.UI\AutoWizard.UI.csproj]
C:\Program Files\dotnet\sdk\8.0.418\Microsoft.Common.CurrentVersion.targets(5034,5): warning MSB3026: 無法將 "D:\01-Project\01-Screen Automate\AutoWizard.Core\bin\Debug\net8.0-windows\AutoWizard.Core.dll" 複製到 "bin\Debug\net8.0-windows\AutoWizard.Core.dll"。即將在 1000 毫秒內重試 8 次。The process cannot access the file 'D:\01-Project\01-Screen Automate\AutoWizard.UI\bin\Debug\net8.0-windows\AutoWizard.Core.dll' because it is being used by another process. 檔案鎖定者: "AutoWizard.UI (27908)" [D:\01-Project\01-Screen Automate\AutoWizard.UI\AutoWizard.UI.csproj]
C:\Program Files\dotnet\sdk\8.0.418\Microsoft.Common.CurrentVersion.targets(5034,5): warning MSB3026: 無法將 "D:\01-Project\01-Screen Automate\AutoWizard.Core\bin\Debug\net8.0-windows\AutoWizard.Core.dll" 複製到 "bin\Debug\net8.0-windows\AutoWizard.Core.dll"。即將在 1000 毫秒內重試 9 次。The process cannot access the file 'D:\01-Project\01-Screen Automate\AutoWizard.UI\bin\Debug\net8.0-windows\AutoWizard.Core.dll' because it is being used by another process. 檔案鎖定者: "AutoWizard.UI (27908)" [D:\01-Project\01-Screen Automate\AutoWizard.UI\AutoWizard.UI.csproj]
C:\Program Files\dotnet\sdk\8.0.418\Microsoft.Common.CurrentVersion.targets(5034,5): warning MSB3026: 無法將 "D:\01-Project\01-Screen Automate\AutoWizard.Core\bin\Debug\net8.0-windows\AutoWizard.Core.dll" 複製到 "bin\Debug\net8.0-windows\AutoWizard.Core.dll"。即將在 1000 毫秒內重試 10 次。The process cannot access the file 'D:\01-Project\01-Screen Automate\AutoWizard.UI\bin\Debug\net8.0-windows\AutoWizard.Core.dll' because it is being used by another process. 檔案鎖定者: "AutoWizard.UI (27908)" [D:\01-Project\01-Screen Automate\AutoWizard.UI\AutoWizard.UI.csproj]
C:\Program Files\dotnet\sdk\8.0.418\Microsoft.Common.CurrentVersion.targets(5034,5): error MSB3027: 無法將 "D:\01-Project\01-Screen Automate\AutoWizard.Core\bin\Debug\net8.0-windows\AutoWizard.Core.dll" 複製到 "bin\Debug\net8.0-windows\AutoWizard.Core.dll"。已超過重試次數 10。失敗。檔案鎖定者: "AutoWizard.UI (27908)" [D:\01-Project\01-Screen Automate\AutoWizard.UI\AutoWizard.UI.csproj]
C:\Program Files\dotnet\sdk\8.0.418\Microsoft.Common.CurrentVersion.targets(5034,5): error MSB3021: 無法將檔案 "D:\01-Project\01-Screen Automate\AutoWizard.Core\bin\Debug\net8.0-windows\AutoWizard.Core.dll" 複製到 "bin\Debug\net8.0-windows\AutoWizard.Core.dll"。The process cannot access the file 'D:\01-Project\01-Screen Automate\AutoWizard.UI\bin\Debug\net8.0-windows\AutoWizard.Core.dll' because it is being used by another process. [D:\01-Project\01-Screen Automate\AutoWizard.UI\AutoWizard.UI.csproj]
    10 個警告
    2 個錯誤

經過時間 00:00:12.21
